========== 2025-07-09 17:10:38 ==========
Mensaje de commit (dejar vacío para 'Auto-commit'): Haciendo commit...
[main e29b620] Auto-commit: 2025-07-09 17:10:38
 2 files changed, 44 insertions(+)
 create mode 100644 push.log
 create mode 100755 push.sh
Haciendo push...
branch 'main' set up to track 'origin/main'.
[2025-07-09 17:10:38] ✅ Push exitoso
========== 2025-07-24 17:33:58 ==========
Mensaje de commit (dejar vacío para 'Auto-commit'): Haciendo commit...
[main 7a6aaf8] Auto-commit: 2025-07-24 17:33:58
 1 file changed, 1 insertion(+)
Haciendo push...
branch 'main' set up to track 'origin/main'.
[2025-07-24 17:33:58] ✅ Push exitoso
========== 2025-09-24 10:22:15 ==========
Mensaje de commit (dejar vacío para 'Auto-commit'): Haciendo commit...
[main 2ef1908] no se
 2 files changed, 24 insertions(+)
 create mode 100644 Random/Random.ino
Haciendo push...
branch 'main' set up to track 'origin/main'.
[2025-09-24 10:22:15] ✅ Push exitoso
========== 2025-09-24 10:22:24 ==========
Mensaje de commit (dejar vacío para 'Auto-commit'): Haciendo commit...
[main a5691ef] no se que sta pasando
 1 file changed, 8 insertions(+)
Haciendo push...
branch 'main' set up to track 'origin/main'.
[2025-09-24 10:22:24] ✅ Push exitoso
========== 2025-09-24 10:23:17 ==========
Mensaje de commit (dejar vacío para 'Auto-commit'): Haciendo commit...
[main bdcd4b1] ahh, ya se, es el log
 1 file changed, 7 insertions(+)
Haciendo push...
branch 'main' set up to track 'origin/main'.
[2025-09-24 10:23:17] ✅ Push exitoso
========== 2025-09-24 10:23:40 ==========
Mensaje de commit (dejar vacío para 'Auto-commit'): Haciendo commit...
[main c566bcc] Patats
 2 files changed, 8 insertions(+)
 create mode 100644 .gitignore
Haciendo push...
branch 'main' set up to track 'origin/main'.
[2025-09-24 10:23:40] ✅ Push exitoso
========== 2025-10-14 18:36:01 ==========
